
Program exited with code: 0
===== instructions retired
3145734
===== simulation information (processor configuration, input file, ...)
ISA extensions: 
processor: RV32_ISS
source file: tools/memory_probe.s

        0.36 real         0.27 user         0.06 sys
           302448640  maximum resident set size
                   0  average shared memory size
                   0  average unshared data size
                   0  average unshared stack size
               20878  page reclaims
                  34  page faults
                   0  swaps
                   0  block input operations
                   0  block output operations
                   1  messages sent
                   0  messages received
                   0  signals received
                   0  voluntary context switches
                 821  involuntary context switches
          4066962894  instructions retired
          1059480120  cycles elapsed
           252396552  peak memory footprint
