
Program exited with code: 0
===== instructions retired
3145734
===== simulation information (processor configuration, input file, ...)
ISA extensions: 
processor: RV32_ISS
source file: tools/memory_probe.s

        0.35 real         0.27 user         0.05 sys
           302448640  maximum resident set size
                   0  average shared memory size
                   0  average unshared data size
                   0  average unshared stack size
               20881  page reclaims
                  34  page faults
                   0  swaps
                   0  block input operations
                   0  block output operations
                   1  messages sent
                   0  messages received
                   0  signals received
                   0  voluntary context switches
                 744  involuntary context switches
          4056530081  instructions retired
          1035051289  cycles elapsed
           252412960  peak memory footprint
